// Jest Snapshot v1, https://goo.gl/fbAQLP

exports[`HomeBanner Component matches snapshot 1`] = `
<DocumentFragment>
  <div
    class="relative "
  >
    <img
      alt=""
      class="hidden md:flex w-full h-[600px] md:h-screen"
      src="https://cdn-edjcg.nitrocdn.com/VBWSxyKIMetGynBOPkcprlqWleWuyTij/assets/images/optimized/rev-9f1d91c/www.blipbillboards.com/wp-content/uploads/image-11-1.png"
    />
    <div
      class="relative inline-block w-full h-[720px] md:hidden"
    >
      <img
        alt=""
        class=" w-full object-cover  h-full"
        src="https://images.squarespace-cdn.com/content/v1/608bf3b649215c2156c82cda/1620236465578-S0ONGH905OF8IQ87GUOA/outdoor-billboard-NJDS46H.jpg?format=1500w"
      />
      <div
        class="absolute inset-0 bg-gradient-to-t from-black via-[rgba(0,0,0,0.6)] to-transparent"
      />
    </div>
    <div
      class=" text-left absolute left-1 md:left-0 top-[280px] md:top-[180px] lg:top-[130px] xl:top-[230px] lg:left-[100px] xl:left-[150px] "
    >
      <div
        class="md:w-[600px]"
        style="z-index: 1;"
      >
        <h1
          class="text-white md:hidden  text-4xl leading-tight text-center md:text-left font-cursive font-semibold"
        >
          Welcome to Royal Advertising
        </h1>
        <h1
          class="text-[#FFF] hidden md:flex lg:text-6xl text-4xl font-bold text-center  md:text-left"
        >
          Unlock the Power of Outdoor Brilliance
        </h1>
        <p
          class="text-gray-300 md:hidden  md:text-xl mt-6 font-thin text-center  md:text-justify"
        >
          Elevate your brand with Royal Advertisingâ€”where outdoor promotion meets unparalleled elegance for lasting impressions.
        </p>
        <p
          class="text-[#FFF] hidden md:flex md:text-xl mt-6 font-semibold text-center  md:text-justify"
        >
          Welcome to Royal Advertising, where we redefine the art of outdoor promotion. With a commitment to excellence and a touch of royalty, we craft bespoke advertising solutions that elevate your brand to new heights
        </p>
        <a
          class="flex justify-center items-center md:block"
        >
          <button
            class="bg-gradient-to-br from-blue-500 to-purple-600 hover:from-purple-500 hover:to-pink-600 text-white font-bold py-2 px-6 rounded-full shadow-lg transition duration-300 ease-in-out flex justify-center items-center gap-x-3 mt-4"
            type="button"
          >
            <svg
              fill="currentColor"
              height="1em"
              stroke="currentColor"
              stroke-width="0"
              viewBox="0 0 512 512"
              width="1em"
              xmlns="http://www.w3.org/2000/svg"
            >
              <path
                d="M497.39 361.8l-112-48a24 24 0 0 0-28 6.9l-49.6 60.6A370.66 370.66 0 0 1 130.6 204.11l60.6-49.6a23.94 23.94 0 0 0 6.9-28l-48-112A24.16 24.16 0 0 0 122.6.61l-104 24A24 24 0 0 0 0 48c0 256.5 207.9 464 464 464a24 24 0 0 0 23.4-18.6l24-104a24.29 24.29 0 0 0-14.01-27.6z"
              />
            </svg>
             Let's Talk
          </button>
        </a>
      </div>
    </div>
  </div>
</DocumentFragment>
`;
